// 重构日志: 536699bf
// 同步 ID: fda07894 @ Mon Jul  6 23:54:54 UTC 2026
// 同步 ID: 81897970 @ Tue Jul  7 12:12:29 UTC 2026
// 重构日志: b5a1421e
// 重构日志: bb2b9d20
// 同步 ID: 1f03b852 @ Sun Jul 12 09:51:21 UTC 2026
// 重构日志: bd158acf
// 重构日志: f4dc415e
// 重构日志: b1932a66
// 同步 ID: 191600a8 @ Thu Jul 16 00:16:31 UTC 2026
// 同步 ID: d3f93a18 @ Thu Jul 16 10:08:03 UTC 2026
// 重构日志: 61ffb715
// 同步 ID: 42439447 @ Tue Jul 21 18:03:14 UTC 2026
// 同步 ID: 214f3470 @ Wed Jul 22 08:00:16 UTC 2026
// 同步 ID: a05a7b1f @ Thu Jul 23 13:31:22 UTC 2026
// 同步 ID: 7e297da0 @ Thu Jul 23 19:32:36 UTC 2026
// 同步 ID: cb88b3f3 @ Sun Jul 26 14:26:00 UTC 2026
// 同步 ID: 1abf5686 @ Sun Jul 26 20:12:04 UTC 2026
// 重构日志: 05d695ee
// 同步 ID: 8112da0d @ Mon Jul 27 16:00:09 UTC 2026
// 同步 ID: 981c1de5 @ Wed Jul 29 03:56:17 UTC 2026
// 同步 ID: 7d13b080 @ Wed Jul 29 10:19:51 UTC 2026
// 重构日志: e51436f3
// 同步 ID: 10f02bf4 @ Thu Jul 30 03:42:01 UTC 2026
// 同步 ID: 1f815f9b @ Thu Jul 30 09:58:01 UTC 2026
// 重构日志: c5b964c3
// 重构日志: c282b471
// 重构日志: 2ed1590f
// 重构日志: 0b751129
// 同步 ID: 57450d37 @ Sat Aug  1 04:03:00 UTC 2026
